cases: 92 selected, 0 already recorded, 92 to run, workers 3, out D:\ai\platformtraining\evaluations\prompt-campaign-2026-09-14
[w1] asked   12s waiting_for_user direct:platform-purpose
[w2] pass    18s completed direct:primary-use
[w3] pass    19s completed direct:what-can-i-do
[w1] pass    19s completed direct:getting-started
[w2] pass    23s completed direct:build-an-app
[w3] pass    22s completed direct:typical-process
[w1] pass    22s completed direct:idea-to-app
[w3] pass    19s completed direct:components
[w2] pass    24s completed direct:major-stages
[w1] pass    22s completed direct:components-together
[w3] pass    19s completed direct:where-deployed
[w2] pass    18s completed direct:where-development
[w1] pass    22s completed direct:where-run
[w3] pass    21s completed direct:config-infra-runtime
[w2] pass    23s completed direct:environments
[w1] pass    22s completed direct:enhance-deployed
[w3] pass    28s completed direct:change-handling
[w2] pass    25s completed direct:existing-app
[w1] pass    26s completed direct:automation-vs-approval
[w3] pass    24s completed direct:correctness
[w2] pass    26s completed direct:roles
[w1] pass    23s completed direct:quality-checks
[w3] pass    21s completed direct:errors
[w2] pass    27s completed direct:readiness
[w1] pass    25s completed direct:simple-effort
[w3] pass    24s completed direct:complex-approach
[w2] pass    22s completed direct:moderate-approach
[w1] pass    23s completed direct:complexity-factors
[w2] pass    26s completed direct:examples-by-size
[w1] pass    30s completed direct:end-to-end
[w3] pass    50s completed direct:process-by-size
[w2] pass    25s completed direct:business-idea-journey
[w3] pass    28s completed direct:artifacts-per-stage
[w1] pass    31s completed direct:decisions-approvals
[w2] pass    27s completed direct:context-knowledge
[w3] pass    24s completed direct:production-improvement
[w1] pass    33s completed direct:six-months-later
[w2] pass    31s completed direct:lifecycle-flow
[w3] fail    29s completed direct:architecture-diagram
[w2] pass    23s completed direct:who-is-it-for
[w3] fail    22s completed direct:dev-process-diagram
[w2] pass    20s completed direct:application-lifecycle
[w1] pass    51s completed direct:how-it-all-works
[w3] pass    24s completed direct:runtime-architecture
[w1] fail    34s completed direct:delivery-swimlane
[w2] pass    40s completed direct:what-is-eal-note
[w3] pass    32s completed recommended:platform-purpose:ask-pl-to-explain-itself
[w1] pass    28s completed direct:local-dev-architecture
[w2] pass    26s completed recommended:what-can-i-do:ask-what-you-can-do-here
[w3] asked   38s waiting_for_user recommended:getting-started:start-discovery-from-a-rough-idea
[w1] pass    33s completed recommended:primary-use:ask-what-this-workspace-can-build
[w2] pass    36s completed recommended:architecture-diagram:ask-pl-for-its-architecture
[w3] pass    29s completed recommended:how-it-all-works:ask-pl-to-explain-the-whole-loop
[w1] pass    19s completed recommended:components:ask-pl-about-its-components
[w2] pass    32s completed recommended:what-is-eal-note:ask-pl-about-eal
[w1] pass    26s completed recommended:who-is-it-for:ask-pl-who-it-is-for
[w3] pass    28s completed recommended:dev-process-diagram:ask-pl-for-the-process
[w2] pass    27s completed recommended:application-lifecycle:ask-pl-about-the-lifecycle
[w3] fail    20s completed recommended:build-an-app:start-discovery-for-your-application
[w1] pass    40s completed recommended:delivery-swimlane:ask-pl-for-the-cross-functional-view
[w2] pass    27s completed recommended:idea-to-app:ask-pl-how-it-turns-ideas-into-apps
[w3] pass    31s completed recommended:major-stages:ask-pl-about-the-stages
[w2] pass    25s completed recommended:business-idea-journey:run-this-exact-discovery-in-pl
[w1] pass    38s completed recommended:typical-process:ask-pl-to-walk-you-through-the-process
[w3] pass    32s completed recommended:artifacts-per-stage:ask-pl-to-list-the-artifacts
[w1] pass    35s completed recommended:end-to-end:ask-pl-for-the-end-to-end-walk-through
[w2] pass    53s completed recommended:lifecycle-flow:ask-pl-for-the-lifecycle-flow
[w3] pass    38s completed recommended:where-development:ask-pl-where-development-happens
[w3] pass    24s completed recommended:environments:ask-pl-about-environments
[w1] pass    52s completed recommended:decisions-approvals:ask-pl-which-approvals-it-needs
[w2] pass    43s completed recommended:where-run:ask-pl-where-apps-run
[w3] pass    29s completed recommended:local-dev-architecture:ask-pl-for-the-local-architecture
[w1] pass    28s completed recommended:where-deployed:ask-pl-where-apps-are-deployed
[w2] pass    31s completed recommended:runtime-architecture:ask-pl-for-the-runtime-architecture
[w3] pass    44s completed recommended:context-knowledge:ask-pl-what-it-knows-about-this-project
[w1] pass    34s completed recommended:config-infra-runtime:ask-pl-how-deployment-is-managed
[w2] pass    32s completed recommended:existing-app:ask-pl-for-an-application-overview
[w1] asked   18s waiting_for_user recommended:enhance-deployed:preview-an-enhancement-in-pl
[w3] pass    30s completed recommended:roles:ask-pl-about-roles
[w1] pass    12s completed recommended:six-months-later:ask-for-the-application-overview
[w2] pass    36s completed recommended:automation-vs-approval:ask-pl-what-it-will-not-do-alone
[w1] pass    14s completed recommended:correctness:ask-pl-how-it-verifies-apps
[w1] pass    14s completed recommended:moderate-approach:ask-pl-how-it-would-approach-a-moderate-
[w3] pass    41s completed recommended:simple-effort:ask-pl-to-estimate-a-simple-app
[w1] pass    15s completed recommended:examples-by-size:ask-pl-for-examples-it-can-build
[w2] pass    44s completed recommended:readiness:ask-pl-whether-this-project-is-ready-to-
[w1] pass    16s completed recommended:floorplans:ask-pl-to-propose-screens
[w3] pass    37s completed recommended:complexity-factors:ask-pl-to-size-an-idea
[w2] pass    32s completed recommended:complex-approach:ask-pl-how-it-would-handle-a-complex-pro
[w3] pass    26s completed recommended:business-review-procedure:ask-for-the-business-review
[w2] pass    44s completed recommended:prompts-that-work:use-the-mileage-prompt-as-a-template
[w2] pass    46s completed recommended:capabilities-installed:ask-pl-for-its-capabilities
{"recordedAt":"2026-09-14T03:04:32.004Z","api":"http://127.0.0.1:3002","cases":92,"byVerdict":{"asked":3,"pass":85,"fail":4},"byKind":{"direct":47,"recommended":45},"medianSeconds":27,"out":"D:\\ai\\platformtraining\\evaluations\\prompt-campaign-2026-09-14"}
